2026-09-07T13:14:08.357Z [prompt] baseline step-0.html (9479 bytes)
2026-09-07T13:14:08.362Z [prompt] prompt +1 (44 chars)
2026-09-07T13:14:08.485Z [tool] tool Edit index.html mode=targeted
2026-09-07T13:14:10.309Z [stop] visuals 1.7s (budget 60s)
2026-09-07T13:14:10.323Z [stop] [mm] step 1 captured · targeted +1/-1 · shot ok · check 1/5 · git off · 1.7s · hash 41417c5711dc
2026-09-07T13:14:10.455Z [prompt] prompt +1 (75 chars)
2026-09-07T13:14:10.593Z [tool] tool Edit index.html mode=targeted
2026-09-07T13:14:10.759Z [tool] tool Edit index.html mode=targeted
2026-09-07T13:14:12.627Z [stop] visuals 1.7s (budget 60s)
2026-09-07T13:14:12.641Z [stop] [mm] step 2 captured · targeted +2/-2 · shot ok · check 2/5 · git off · 1.7s · hash 8d3c4ac45a0c
2026-09-07T13:14:12.772Z [prompt] prompt +1 (65 chars)
2026-09-07T13:14:12.895Z [tool] tool Edit index.html mode=targeted
2026-09-07T13:14:14.741Z [stop] visuals 1.7s (budget 60s)
2026-09-07T13:14:14.755Z [stop] [mm] step 3 captured · targeted +1/-1 · shot ok · check 3/5 · git off · 1.7s · hash ee82edcb380d
2026-09-07T13:14:14.894Z [prompt] prompt +1 (61 chars)
2026-09-07T13:14:15.013Z [tool] tool Edit index.html mode=targeted
2026-09-07T13:14:15.131Z [tool] tool Edit index.html mode=targeted
2026-09-07T13:14:15.246Z [tool] tool Edit index.html mode=targeted
2026-09-07T13:14:17.037Z [stop] visuals 1.6s (budget 60s)
2026-09-07T13:14:17.056Z [stop] [mm] step 4 captured · targeted +3/-3 · shot ok · check 4/5 · git off · 1.7s · hash 0ac52b951568
2026-09-07T13:14:17.184Z [prompt] prompt +1 (39 chars)
2026-09-07T13:14:17.304Z [tool] tool Edit index.html mode=targeted
2026-09-07T13:14:19.213Z [stop] visuals 1.8s (budget 60s)
2026-09-07T13:14:19.228Z [stop] [mm] step 5 captured · targeted +1/-1 · shot ok · check 5/5 · git off · 1.8s · hash 01a6e7d9a90f
